Script started on Fri 12 Sep 2014 04:55:37 AM EDT
[rgodbee1@cs3 assigment03]$ ls
09122014transcript_01.txt  basic_lib.c  basic_lib.o  complexNum.c          flights.c
09142014transcript_01.txt  basic_lib.h  [0m[01;32mcomplexNum[0m   complexNumOutput.txt
[m[rgodbee1@cs3 assigment03]$ gcc -Wall -o flights flights.c 
flights.c: In function â€˜create_locationâ€™:
flights.c:25: warning: assignment makes integer from pointer without a cast
flights.c: In function â€˜insertâ€™:
flights.c:107: error: â€˜forâ€™ loop initial declarations are only allowed in C99 mode
flights.c:107: note: use option -std=c99 or -std=gnu99 to compile your code
flights.c: In function â€˜remove_from_flightListâ€™:
flights.c:132: error: â€˜NUllâ€™ undeclared (first use in this function)
flights.c:132: error: (Each undeclared identifier is reported only once
flights.c:132: error: for each function it appears in.)
flights.c:139: error: â€˜forâ€™ loop initial declarations are only allowed in C99 mode
flights.c: In function â€˜getâ€™:
flights.c:164: error: â€˜forâ€™ loop initial declarations are only allowed in C99 mode
flights.c:166: warning: assignment makes pointer from integer without a cast
flights.c: In function â€˜setâ€™:
flights.c:179: error: â€˜forâ€™ loop initial declarations are only allowed in C99 mode
flights.c:181: warning: assignment makes integer from pointer without a cast
flights.c: In function â€˜delete_flightListâ€™:
flights.c:191: error: â€˜forâ€™ loop initial declarations are only allowed in C99 mode
[rgodbee1@cs3 assigment03]$ gcc -Wall -o flights flights.c [C[C[C[C[C[C[C[C[C[C[C[C[C[C[C[C[C[C[C[C[C[C[C[C[C[C[C[Cls[Kgcc -Wall -o flights flights.c 
flights.c: In function â€˜create_locationâ€™:
flights.c:25: warning: assignment makes integer from pointer without a cast
flights.c: In function â€˜remove_from_flightListâ€™:
flights.c:133: error: â€˜NUllâ€™ undeclared (first use in this function)
flights.c:133: error: (Each undeclared identifier is reported only once
flights.c:133: error: for each function it appears in.)
flights.c: In function â€˜getâ€™:
flights.c:169: warning: assignment makes pointer from integer without a cast
flights.c: In function â€˜setâ€™:
flights.c:182: error: â€˜forâ€™ loop initial declarations are only allowed in C99 mode
flights.c:182: note: use option -std=c99 or -std=gnu99 to compile your code
flights.c:184: warning: assignment makes integer from pointer without a cast
[rgodbee1@cs3 assigment03]$ [H[J[rgodbee1@cs3 assigment03]$ gcc -Wall -o flights flights.c 
flights.c: In function â€˜create_locationâ€™:
flights.c:25: warning: assignment makes integer from pointer without a cast
flights.c: In function â€˜remove_from_flightListâ€™:
flights.c:133: error: â€˜NUllâ€™ undeclared (first use in this function)
flights.c:133: error: (Each undeclared identifier is reported only once
flights.c:133: error: for each function it appears in.)
flights.c: In function â€˜getâ€™:
flights.c:169: warning: assignment makes pointer from integer without a cast
flights.c: In function â€˜setâ€™:
flights.c:182: error: â€˜forâ€™ loop initial declarations are only allowed in C99 mode
flights.c:182: note: use option -std=c99 or -std=gnu99 to compile your code
flights.c:184: warning: assignment makes integer from pointer without a cast
[rgodbee1@cs3 assigment03]$ [H[J[rgodbee1@cs3 assigment03]$ gcc -Wall -o flights flights.c 
flights.c: In function â€˜create_locationâ€™:
flights.c:25: warning: assignment makes integer from pointer without a cast
flights.c: In function â€˜getâ€™:
flights.c:169: warning: assignment makes pointer from integer without a cast
flights.c: In function â€˜setâ€™:
flights.c:182: error: â€˜forâ€™ loop initial declarations are only allowed in C99 mode
flights.c:182: note: use option -std=c99 or -std=gnu99 to compile your code
flights.c:184: warning: assignment makes integer from pointer without a cast
[rgodbee1@cs3 assigment03]$ gcc -Wall -o flights flights.c [H[J[rgodbee1@cs3 assigment03]$ gcc -Wall -o flights flights.c 
flights.c: In function â€˜create_locationâ€™:
flights.c:25: error: request for member â€˜airportCodeâ€™ in something not a structure or union
flights.c: In function â€˜getâ€™:
flights.c:169: error: request for member â€˜airportCodeâ€™ in something not a structure or union
flights.c: In function â€˜setâ€™:
flights.c:185: warning: assignment makes integer from pointer without a cast
[rgodbee1@cs3 assigment03]$ gcc -Wall -o flights flights.c 
flights.c: In function â€˜create_locationâ€™:
flights.c:25: warning: assignment makes integer from pointer without a cast
flights.c: In function â€˜getâ€™:
flights.c:169: warning: assignment makes pointer from integer without a cast
flights.c: In function â€˜setâ€™:
flights.c:185: warning: assignment makes integer from pointer without a cast
[rgodbee1@cs3 assigment03]$ gcc -Wall -o flights flights.c 
flights.c: In function â€˜create_locationâ€™:
flights.c:25: warning: assignment makes integer from pointer without a cast
flights.c: In function â€˜getâ€™:
flights.c:169: warning: assignment makes pointer from integer without a cast
flights.c: In function â€˜setâ€™:
flights.c:185: warning: assignment makes integer from pointer without a cast
flights.c: In function â€˜mainâ€™:
flights.c:208: warning: passing argument 1 of â€˜create_locationâ€™ makes pointer from integer without a cast
flights.c:22: note: expected â€˜void *â€™ but argument is of type â€˜intâ€™
flights.c:208: error: invalid initializer
flights.c:209: warning: passing argument 1 of â€˜create_locationâ€™ makes pointer from integer without a cast
flights.c:22: note: expected â€˜void *â€™ but argument is of type â€˜intâ€™
flights.c:209: error: invalid initializer
flights.c:210: warning: passing argument 1 of â€˜create_locationâ€™ makes pointer from integer without a cast
flights.c:22: note: expected â€˜void *â€™ but argument is of type â€˜intâ€™
flights.c:210: error: invalid initializer
flights.c:211: error: invalid initializer
flights.c:212: error: incompatible type for argument 1 of â€˜prependâ€™
flights.c:75: note: expected â€˜struct flightList *â€™ but argument is of type â€˜flightListâ€™
flights.c:212: error: incompatible type for argument 2 of â€˜prependâ€™
flights.c:75: note: expected â€˜void *â€™ but argument is of type â€˜locationâ€™
flights.c:213: error: incompatible type for argument 1 of â€˜appendâ€™
flights.c:56: note: expected â€˜struct flightList *â€™ but argument is of type â€˜flightListâ€™
flights.c:213: error: incompatible type for argument 2 of â€˜appendâ€™
flights.c:56: note: expected â€˜void *â€™ but argument is of type â€˜locationâ€™
flights.c:215: error: incompatible type for argument 1 of â€˜remove_from_flightListâ€™
flights.c:122: note: expected â€˜struct flightList *â€™ but argument is of type â€˜flightListâ€™
flights.c:216: error: incompatible type for argument 1 of â€˜appendâ€™
flights.c:56: note: expected â€˜struct flightList *â€™ but argument is of type â€˜flightListâ€™
flights.c:216: error: incompatible type for argument 2 of â€˜appendâ€™
flights.c:56: note: expected â€˜void *â€™ but argument is of type â€˜locationâ€™
flights.c:217: error: incompatible type for argument 1 of â€˜sizeâ€™
flights.c:49: note: expected â€˜const struct flightList *â€™ but argument is of type â€˜flightListâ€™
flights.c:218:9: warning: unknown escape sequence '\d'
flights.c:218: warning: too many arguments for format
[rgodbee1@cs3 assigment03]$ [H[J[rgodbee1@cs3 assigment03]$ gcc -Wall -o flights flights.c 
flights.c: In function â€˜getâ€™:
flights.c:169: warning: assignment makes pointer from integer without a cast
flights.c: In function â€˜mainâ€™:
flights.c:209: error: invalid initializer
flights.c:210: error: incompatible type for argument 1 of â€˜prependâ€™
flights.c:75: note: expected â€˜struct flightList *â€™ but argument is of type â€˜flightListâ€™
flights.c:211: error: incompatible type for argument 1 of â€˜appendâ€™
flights.c:56: note: expected â€˜struct flightList *â€™ but argument is of type â€˜flightListâ€™
flights.c:213: error: incompatible type for a